C51 COMPILER V9.59.0.0   FUNC                                                              01/07/2019 21:17:14 PAGE 1   


C51 COMPILER V9.59.0.0, COMPILATION OF MODULE FUNC
OBJECT MODULE PLACED IN .\Objects\Func.obj
COMPILER INVOKED BY: C:\Keil_v5\C51\BIN\C51.EXE Func.c OPTIMIZE(8,SPEED) BROWSE INCDIR(..\Project_Volter) DEBUG OBJECTEX
                    -TEND PRINT(.\Listings\Func.lst) TABS(2) OBJECT(.\Objects\Func.obj)

line level    source

   1          #include "Func.h"
   2          #define uchar unsigned char
   3          #define uint unsigned int
   4          
   5          
   6          sbit erflags=PSW^5;
   7          
   8          extern data uchar  param[9];
   9          extern data uint para1,para2;
  10          extern data da;
  11          extern uchar disp[8];
  12          extern uchar d2;
  13          extern uchar k;
  14          
  15          void Calculate()
  16          {
  17   1        uint g,g1,g2;
  18   1        uint freq;
  19   1        if(param[6]==1)
  20   1        {
  21   2          freq=param[1];
  22   2          g=10^6/freq/32;
  23   2          para1=65536-g;
  24   2          para2=param[2];
  25   2          da=0;
  26   2          sen:  erflags=0;              
  27   2            Start( );               
  28   2            SendByte(0x90);         
  29   2            cAck( );              
  30   2            if(erflags==1) goto sen;      
  31   2            SendByte(0x40);           
  32   2            cAck( );              
  33   2            if(erflags==1) goto sen;
  34   2            SendByte(0x91);
  35   2            cAck(); 
  36   2            if(erflags==1) goto sen;
  37   2        }
  38   1        if(param[6]==2)
  39   1        {
  40   2          freq=param[3]*1000+param[4];
  41   2          g1=10000/freq*param[5];
  42   2          g2=10000/freq*(100-param[5]);
  43   2          para1=65536-g1;
  44   2          para2=65536-g2;
  45   2        }
  46   1      }
  47          
  48          void ParamProcess()
  49          {
  50   1        uchar freq;
  51   1        if(disp[2]==15)
  52   1        {
  53   2          if(disp[1]==1)
  54   2            param[disp[1]*2-1]=disp[6]*10+disp[7]; 
C51 COMPILER V9.59.0.0   FUNC                                                              01/07/2019 21:17:14 PAGE 2   

  55   2          else  
  56   2          {
  57   3            freq=disp[4]*1000+disp[5]*100+disp[6]*10+disp[7];
  58   3            param[3]=freq/256;
  59   3            param[4]=freq%256;
  60   3          } 
  61   2        }
  62   1        else
  63   1        {
  64   2          if(disp[1]==1) 
  65   2            param[disp[1]*2]=disp[6]*10+disp[7]; 
  66   2          else
  67   2            param[disp[1]*2+1]=disp[6]*10+disp[7];
  68   2        }
  69   1      }
  70          
  71          void NumProcess(unsigned int keynum)
  72          {
  73   1        uchar i;
  74   1        if(k>=4)
  75   1        {
  76   2          if(param[6]==2&d2==15)                                //Square Wave-Frequence Mode
  77   2          {
  78   3            if(k==4)
  79   3            {
  80   4              if(keynum==1)                                     //Max=1000Hz
  81   4              {
  82   5                disp[k]=keynum;
  83   5                for(i=5;i<8;i++)
  84   5                {
  85   6                  disp[i]=0;
  86   6                }
  87   5              }
  88   4              else if(keynum==0)
  89   4                disp[k]=keynum;
  90   4            }
  91   3            else
  92   3            {
  93   4              if(disp[4]==0)
  94   4              {
  95   5                disp[4]=16;                                       //disp[4] off
  96   5                disp[k]=keynum;
  97   5              }
  98   4            }
  99   3          }
 100   2          else if(k==6)
 101   2          {
 102   3            if(param[6]==2&d2==10)
 103   3            {
 104   4              if(keynum>=2&&keynum<=7)
 105   4                disp[k]=keynum;
 106   4            }
 107   3            else
 108   3            {
 109   4              if(keynum>=1&&keynum<5)                             //Sin Wave-Frequence Mode
 110   4                disp[k]=keynum;
 111   4              else if(keynum==5)                                  //Max=50Hz
 112   4              {
 113   5                disp[k]=keynum;
 114   5                disp[7]=0;
 115   5              }
 116   4            }
C51 COMPILER V9.59.0.0   FUNC                                                              01/07/2019 21:17:14 PAGE 3   

 117   3          }
 118   2          else                                                    //maybe else if?
 119   2          {
 120   3            if(param[6]==1&d2==10&&disp[6]==5)                    //Max=50Hz
 121   3            {
 122   4              disp[7]=0;
 123   4            }
 124   3            else
 125   3              disp[k]=keynum;
 126   3          }
 127   2        }
 128   1      }
 129          
 130          void read24c02(void)
 131          {
 132   1        uchar temp,i;
 133   1        sen:  erflags=0;
 134   1          Start();
 135   1          SendByte(0xa0);         
 136   1          cAck( );              
 137   1          if(erflags==1) goto sen;      
 138   1          SendByte(0x00);           
 139   1          cAck( );              
 140   1          if(erflags==1) goto sen;
 141   1        temp=RcvByte();
 142   1        Ack();
 143   1        if(temp==0x55)
 144   1        {
 145   2          param[0]=0x55;
 146   2          for(i=1;i<8;i++)
 147   2          {
 148   3            Ack();
 149   3            param[i]=RcvByte();
 150   3          }
 151   2          NoAck();
 152   2          Stop();
 153   2        }
 154   1        else
 155   1        {
 156   2          write24c02();
 157   2          Stop();
 158   2        }
 159   1      }
 160          void write24c02(void)
 161          {
 162   1        uchar i;
 163   1        sen:  erflags=0;              
 164   1          Start( );               
 165   1          SendByte(0xa0);         
 166   1          cAck( );              
 167   1          if(erflags==1) goto sen;      
 168   1          SendByte(0x00);           
 169   1          cAck( );              
 170   1          if(erflags==1) goto sen;
 171   1        for(i=0;i<8;i++)
 172   1        {
 173   2          SendByte(param[i]);             
 174   2          cAck( );
 175   2        }
 176   1        Stop();
 177   1      }
 178          
C51 COMPILER V9.59.0.0   FUNC                                                              01/07/2019 21:17:14 PAGE 4   

 179          uchar keyscan()
 180          {
 181   1        uchar a,b,temp; 
 182   1        P2=0xf0;
 183   1        delay(5); 
 184   1        a=P2;
 185   1        P2=0x0f;
 186   1        delay(5);
 187   1        b=P2;
 188   1        a=a|b;
 189   1        if(a!=0xff)
 190   1        {
 191   2          while(P2!=0x0f);
 192   2          switch(a)
 193   2          {
 194   3            case 0xee: temp=0;break;
 195   3            case 0xde: temp=1;break;
 196   3            case 0xbe: temp=2;break;
 197   3            case 0x7e: temp=3;break;
 198   3            case 0xed: temp=4;break;
 199   3            case 0xdd: temp=5;break;
 200   3            case 0xbd: temp=6;break;
 201   3            case 0x7d: temp=7;break;
 202   3            case 0xeb: temp=10;break;//左移
 203   3            case 0xdb: temp=8;break;
 204   3            case 0xbb: temp=9;break;
 205   3            case 0x7b: temp=20;break;//右移
 206   3            case 0xe7: temp=12;break;//设置键
 207   3            case 0xd7: temp=13;break;//选择波形
 208   3            case 0xb7: temp=14;break;//选择参数
 209   3            case 0x77: temp=15; //确认键
 210   3            }
 211   2        }
 212   1        return temp;
 213   1      }
 214          


MODULE INFORMATION:   STATIC OVERLAYABLE
   CODE SIZE        =    858    ----
   CONSTANT SIZE    =   ----    ----
   XDATA SIZE       =   ----    ----
   PDATA SIZE       =   ----    ----
   DATA SIZE        =   ----       7
   IDATA SIZE       =   ----    ----
   BIT SIZE         =   ----    ----
END OF MODULE INFORMATION.


C51 COMPILATION COMPLETE.  0 WARNING(S),  0 ERROR(S)
