C51 COMPILER V9.59.0.0   FUNC                                                              01/13/2019 01:09:21 PAGE 1   


C51 COMPILER V9.59.0.0, COMPILATION OF MODULE FUNC
OBJECT MODULE PLACED IN .\Objects\Func.obj
COMPILER INVOKED BY: C:\Keil_v5\C51\BIN\C51.EXE Func.c OPTIMIZE(8,SPEED) BROWSE INCDIR(..\Project_Volter) DEBUG OBJECTEX
                    -TEND PRINT(.\Listings\Func.lst) TABS(2) OBJECT(.\Objects\Func.obj)

line level    source

   1          #include "Func.h"
   2          
   3          #define uchar unsigned char
   4          #define uint unsigned int
   5          
   6          
   7          sbit erflags=PSW^5;
   8          
   9          extern data uchar  param[9];
  10          extern data uint para1,para2;
  11          extern data da;
  12          extern uchar disp[8];
  13          extern uchar d2;
  14          extern uchar k;
  15          
  16          data uint g _at_ 0x2f;
  17          
  18          void Calculate()
  19          {
  20   1        uint g1,g2;
  21   1        uint freq;
  22   1        if(param[6]==1)
  23   1        {
  24   2          freq=param[1];
  25   2          g=10^6/freq/32;
  26   2          para1=65536-g;
  27   2          para2=param[2];
  28   2          da=0;
  29   2          sen:  erflags=0;              
  30   2            Start( );               
  31   2            SendByte(0x90);         
  32   2            cAck( );              
  33   2            if(erflags==1) goto sen;      
  34   2            SendByte(0x40);           
  35   2            cAck( );              
  36   2            if(erflags==1) goto sen;
  37   2            SendByte(0x91);
  38   2            cAck(); 
  39   2            if(erflags==1) goto sen;
  40   2        }
  41   1        if(param[6]==2)
  42   1        {
  43   2          freq=param[3]*1000+param[4];
  44   2          g1=10000/freq*param[5];
  45   2          g2=10000/freq*(100-param[5]);
  46   2          para1=65536-g1;
  47   2          para2=65536-g2;
  48   2        }
  49   1      }
  50          
  51          void ParamProcess()
  52          {
  53   1        if(disp[2]==15)
  54   1        {
C51 COMPILER V9.59.0.0   FUNC                                                              01/13/2019 01:09:21 PAGE 2   

  55   2          if(disp[1]==1)
  56   2            param[1]=disp[6]*10+disp[7]; 
  57   2          else  
  58   2          {
  59   3            param[3]=disp[4];
  60   3            param[4]=disp[5]*100+disp[6]*10+disp[7];
  61   3          } 
  62   2        }
  63   1        else
  64   1        {
  65   2          if(disp[1]==1) 
  66   2            param[2]=disp[6]*10+disp[7]; 
  67   2          else
  68   2            param[5]=disp[6]*10+disp[7];
  69   2        }
  70   1      }
  71          
  72          void NumProcess(unsigned int keynum)
  73          {
  74   1        uchar i;
  75   1        if(k>=4)
  76   1        {
  77   2          if(disp[1]==2&d2==15)                               //Square Wave-Frequence Mode
  78   2          {
  79   3            if(k==4)
  80   3            {
  81   4              if(keynum==1)                                     //Max=1000Hz
  82   4              {
  83   5                disp[k]=1;
  84   5                for(i=5;i<8;i++)
  85   5                {
  86   6                  disp[i]=0;
  87   6                }
  88   5              }
  89   4              else if(keynum==0)
  90   4                disp[k]=keynum;
  91   4            }
  92   3            else
  93   3            {
  94   4              if(disp[4]==0)
  95   4              {
  96   5                disp[k]=keynum;
  97   5              }
  98   4            }
  99   3          }
 100   2          else if(k==6)
 101   2          {
 102   3            if(param[6]==2&d2==10)
 103   3            {
 104   4              if(keynum>=2&&keynum<=7)
 105   4                disp[k]=keynum;
 106   4            }
 107   3            else
 108   3            {
 109   4              if(keynum>=1&&keynum<5)                             //Sin Wave-Frequence Mode
 110   4                disp[k]=keynum;
 111   4              else if(keynum==5)                                  //Max=50Hz
 112   4              {
 113   5                disp[k]=keynum;
 114   5                disp[7]=0;
 115   5              }
 116   4            }
C51 COMPILER V9.59.0.0   FUNC                                                              01/13/2019 01:09:21 PAGE 3   

 117   3          }
 118   2          else                                                    //maybe else if?
 119   2          {
 120   3            if(param[6]==1&d2==10&&disp[6]==5)                    //Max=50Hz
 121   3            {
 122   4              disp[7]=0;
 123   4            }
 124   3            else
 125   3              disp[k]=keynum;
 126   3          }
 127   2        }
 128   1      }
 129          
 130          
 131          uint keyscan()
 132          {
 133   1        uint keynum;
 134   1        uchar a,b;
 135   1        P2=0xf0;
 136   1        delay(5); 
 137   1        a=P2;
 138   1        P2=0x0f;
 139   1        delay(5);
 140   1        b=P2;
 141   1        a=a|b;
 142   1        if(a!=0xff)
 143   1        {
 144   2          while(P2!=0x0f);
 145   2          switch(a)
 146   2          {
 147   3            case 0xee: keynum=0;break;
 148   3            case 0xde: keynum=1;break;
 149   3            case 0xbe: keynum=2;break;
 150   3            case 0x7e: keynum=3;break;
 151   3            case 0xed: keynum=4;break;
 152   3            case 0xdd: keynum=5;break;
 153   3            case 0xbd: keynum=6;break;
 154   3            case 0x7d: keynum=7;break;
 155   3            case 0xeb: keynum=10;break;//左移
 156   3            case 0xdb: keynum=8;break;
 157   3            case 0xbb: keynum=9;break;
 158   3            case 0x7b: keynum=20;break;//右移
 159   3            case 0xe7: keynum=12;break;//设置键
 160   3            case 0xd7: keynum=13;break;//选择波形
 161   3            case 0xb7: keynum=14;break;//选择参数
 162   3            case 0x77: keynum=15; //确认键
 163   3          }
 164   2        }
 165   1        else
 166   1          keynum=255;
 167   1        return keynum;
 168   1      }
 169          
 170          void read24c02(void)
 171          {
 172   1        uchar temp,i;
 173   1        sen:  erflags=0;
 174   1          Start();
 175   1          SendByte(0xa0);         
 176   1          cAck( );              
 177   1          if(erflags==1) goto sen;      
 178   1          SendByte(0x00);           
C51 COMPILER V9.59.0.0   FUNC                                                              01/13/2019 01:09:21 PAGE 4   

 179   1          cAck( );              
 180   1          if(erflags==1) goto sen;
 181   1        temp=RcvByte();
 182   1        Ack();
 183   1        if(temp==0x55)
 184   1        {
 185   2          param[0]=0x55;
 186   2          for(i=1;i<8;i++)
 187   2          {
 188   3            Ack();
 189   3            param[i]=RcvByte();
 190   3          }
 191   2          NoAck();
 192   2          Stop();
 193   2        }
 194   1        else
 195   1        {
 196   2          write24c02();
 197   2          Stop();
 198   2        }
 199   1      }
 200          void write24c02(void)
 201          {
 202   1        uchar i;
 203   1        sen:  erflags=0;              
 204   1          Start( );               
 205   1          SendByte(0xa0);         
 206   1          cAck( );              
 207   1          if(erflags==1) goto sen;      
 208   1          SendByte(0x00);           
 209   1          cAck( );              
 210   1          if(erflags==1) goto sen;
 211   1          SendByte(0xa1);           
 212   1          cAck( );              
 213   1          if(erflags==1) goto sen;
 214   1        for(i=0;i<8;i++)
 215   1        {
 216   2          SendByte(param[i]);             
 217   2          cAck( );
 218   2        }
 219   1        Stop();
 220   1      }
 221          
 222          


MODULE INFORMATION:   STATIC OVERLAYABLE
   CODE SIZE        =    894    ----
   CONSTANT SIZE    =   ----    ----
   XDATA SIZE       =   ----    ----
   PDATA SIZE       =   ----    ----
   DATA SIZE        =   ----       8
   IDATA SIZE       =   ----    ----
   BIT SIZE         =   ----    ----
END OF MODULE INFORMATION.


C51 COMPILATION COMPLETE.  0 WARNING(S),  0 ERROR(S)
