C51 COMPILER V9.59.0.0   FUNC                                                              01/05/2019 09:57:31 PAGE 1   


C51 COMPILER V9.59.0.0, COMPILATION OF MODULE FUNC
OBJECT MODULE PLACED IN .\Objects\Func.obj
COMPILER INVOKED BY: C:\Keil_v5\C51\BIN\C51.EXE Func.c OPTIMIZE(8,SPEED) BROWSE INCDIR(..\Project_Volter) DEBUG OBJECTEX
                    -TEND PRINT(.\Listings\Func.lst) TABS(2) OBJECT(.\Objects\Func.obj)

line level    source

   1          #include "Func.h"
   2          #define uchar unsigned char
   3          #define uint unsigned int
   4          
   5          #define key P2
   6          
   7          sbit erflags=PSW^5;
   8          
   9          extern data uchar  param[9];
  10          extern data uint para1,para2;
  11          
  12          
  13          void Calculate()
  14          {
  15   1        uint g,g1,g2;
  16   1        uint freq;
  17   1        if(param[6]==1)
  18   1        {
  19   2          g=10^6/param[1]/32;
  20   2          para1=65536-g;
  21   2          para2=param[2];
  22   2        }
  23   1        if(param[6]==2)
  24   1        {
  25   2          freq=param[3]*1000+param[4];
  26   2          g1=10^4/freq*param[5];
  27   2          g2=10^4/freq*(100-param[5]);
  28   2          para1=65536-g1;
  29   2          para2=65546-g2;
  30   2        }
  31   1      }
  32          void read24c02(void)
  33          {
  34   1        uchar temp,i;
  35   1        sen:  erflags=0;
  36   1          Start();
  37   1          SendByte(0x90);         
  38   1          cAck( );              
  39   1          if(erflags==1) goto sen;      
  40   1          SendByte(0x00);           
  41   1          cAck( );              
  42   1          if(erflags==1) goto sen;
  43   1        temp=RcvByte();
  44   1        Ack();
  45   1        if(temp==0x55)
  46   1        {
  47   2          for(i=1;i<8;i++)
  48   2          {
  49   3            param[i]=RcvByte();
  50   3            cAck();
  51   3          }
  52   2        }
  53   1        else
  54   1        {
C51 COMPILER V9.59.0.0   FUNC                                                              01/05/2019 09:57:31 PAGE 2   

  55   2          write24c02();
  56   2        }
  57   1      }
  58          void write24c02(void)
  59          {
  60   1        uchar i;
  61   1        sen:  erflags=0;              
  62   1          Start( );               
  63   1          SendByte(0x90);         
  64   1          cAck( );              
  65   1          if(erflags==1) goto sen;      
  66   1          SendByte(0x00);           
  67   1          cAck( );              
  68   1          if(erflags==1) goto sen;  
  69   1        for(i=0;i<8;i++)
  70   1        {
  71   2          SendByte(param[i]);             
  72   2          cAck( );
  73   2        }
  74   1      }
  75          
  76          int keyscan()
  77          {
  78   1        uchar t,temp;
  79   1        key=0xf0;           
  80   1        if(key!=0xf0)
  81   1        {
  82   2          delay(10);      
  83   2          if(key!=0xf0)
  84   2          {
  85   3             switch(key)
  86   3             {
  87   4               case(0xe0):temp=0;break;
  88   4               case(0xd0):temp=1;break;
  89   4               case(0xb0):temp=2;break;
  90   4               case(0x70):temp=3;break;
  91   4            }
  92   3            key=0x0f;
  93   3            delay(10);
  94   3            switch(key)
  95   3            {
  96   4              case(0x0e):temp=temp;break;
  97   4              case(0x0d):temp=temp+4;break;
  98   4              case(0x0b):temp=temp+8;break;
  99   4              case(0x07):temp=temp+12;break;
 100   4            }
 101   3          }
 102   2        }
 103   1        switch(temp)                            //To fit keymap
 104   1        {
 105   2          case(8):temp=110;break;               //go left
 106   2          case(9):temp=8;break;                 //fit keymap
 107   2          case(10):temp=9;break;                //fit keymap
 108   2          case(11):temp=120;break;              //go right
 109   2        }
 110   1        return temp;
 111   1      }
*** WARNING C280 IN LINE 78 OF Func.c: 't': unreferenced local variable


MODULE INFORMATION:   STATIC OVERLAYABLE
   CODE SIZE        =    412    ----
C51 COMPILER V9.59.0.0   FUNC                                                              01/05/2019 09:57:31 PAGE 3   

   CONSTANT SIZE    =   ----    ----
   XDATA SIZE       =   ----    ----
   PDATA SIZE       =   ----    ----
   DATA SIZE        =   ----       5
   IDATA SIZE       =   ----    ----
   BIT SIZE         =   ----    ----
END OF MODULE INFORMATION.


C51 COMPILATION COMPLETE.  1 WARNING(S),  0 ERROR(S)
